<============== TEST 100000 x 10000 ==============>


<====== NUMBER OF THREADS: 1 ======>

<======= TEST 1 =======>

Overall time: 11.507888

<======================>


<======= TEST 2 =======>

Overall time: 11.498684

<======================>


<======= TEST 3 =======>

Overall time: 11.476398

<======================>


<======= TEST 4 =======>

Overall time: 11.505174

<======================>


<======= TEST 5 =======>

Overall time: 11.476635

<======================>


<====== NUMBER OF THREADS: 2 ======>

<======= TEST 1 =======>

Overall time: 5.777186

<======================>


<======= TEST 2 =======>

Overall time: 5.751395

<======================>


<======= TEST 3 =======>

Overall time: 5.778022

<======================>


<======= TEST 4 =======>

Overall time: 5.775795

<======================>


<======= TEST 5 =======>

Overall time: 5.752722

<======================>


<====== NUMBER OF THREADS: 3 ======>

<======= TEST 1 =======>

Overall time: 3.862321

<======================>


<======= TEST 2 =======>

Overall time: 3.860328

<======================>


<======= TEST 3 =======>

Overall time: 3.865178

<======================>


<======= TEST 4 =======>

Overall time: 3.873295

<======================>


<======= TEST 5 =======>

Overall time: 3.863497

<======================>


<====== NUMBER OF THREADS: 4 ======>

<======= TEST 1 =======>

Overall time: 2.902676

<======================>


<======= TEST 2 =======>

Overall time: 2.911684

<======================>


<======= TEST 3 =======>

Overall time: 2.908971

<======================>


<======= TEST 4 =======>

Overall time: 2.904518

<======================>


<======= TEST 5 =======>

Overall time: 2.904033

<======================>


<====== NUMBER OF THREADS: 5 ======>

<======= TEST 1 =======>

Overall time: 2.327906

<======================>


<======= TEST 2 =======>

Overall time: 2.332505

<======================>


<======= TEST 3 =======>

Overall time: 2.333419

<======================>


<======= TEST 4 =======>

Overall time: 2.324370

<======================>


<======= TEST 5 =======>

Overall time: 2.332515

<======================>


<====== NUMBER OF THREADS: 6 ======>

<======= TEST 1 =======>

Overall time: 1.963404

<======================>


<======= TEST 2 =======>

Overall time: 1.952427

<======================>


<======= TEST 3 =======>

Overall time: 1.949781

<======================>


<======= TEST 4 =======>

Overall time: 1.951970

<======================>


<======= TEST 5 =======>

Overall time: 1.949321

<======================>


<====== NUMBER OF THREADS: 7 ======>

<======= TEST 1 =======>

Overall time: 1.688883

<======================>


<======= TEST 2 =======>

Overall time: 1.681927

<======================>


<======= TEST 3 =======>

Overall time: 1.685832

<======================>


<======= TEST 4 =======>

Overall time: 1.689379

<======================>


<======= TEST 5 =======>

Overall time: 1.683688

<======================>


<====== NUMBER OF THREADS: 8 ======>

<======= TEST 1 =======>

Overall time: 1.489744

<======================>


<======= TEST 2 =======>

Overall time: 1.483794

<======================>


<======= TEST 3 =======>

Overall time: 1.483453

<======================>


<======= TEST 4 =======>

Overall time: 1.483239

<======================>


<======= TEST 5 =======>

Overall time: 1.486924

<======================>
