<============== TEST 100000 x 100 ==============>


<====== NUMBER OF THREADS: 1 ======>

<======= TEST 1 =======>

Overall time: 0.116617

<======================>


<======= TEST 2 =======>

Overall time: 0.116612

<======================>


<======= TEST 3 =======>

Overall time: 0.116621

<======================>


<======= TEST 4 =======>

Overall time: 0.116649

<======================>


<======= TEST 5 =======>

Overall time: 0.116677

<======================>


<====== NUMBER OF THREADS: 2 ======>

<======= TEST 1 =======>

Overall time: 0.070816

<======================>


<======= TEST 2 =======>

Overall time: 0.065296

<======================>


<======= TEST 3 =======>

Overall time: 0.062763

<======================>


<======= TEST 4 =======>

Overall time: 0.063742

<======================>


<======= TEST 5 =======>

Overall time: 0.064441

<======================>


<====== NUMBER OF THREADS: 3 ======>

<======= TEST 1 =======>

Overall time: 0.046668

<======================>


<======= TEST 2 =======>

Overall time: 0.046101

<======================>


<======= TEST 3 =======>

Overall time: 0.046848

<======================>


<======= TEST 4 =======>

Overall time: 0.048085

<======================>


<======= TEST 5 =======>

Overall time: 0.047863

<======================>


<====== NUMBER OF THREADS: 4 ======>

<======= TEST 1 =======>

Overall time: 0.039620

<======================>


<======= TEST 2 =======>

Overall time: 0.036427

<======================>


<======= TEST 3 =======>

Overall time: 0.036331

<======================>


<======= TEST 4 =======>

Overall time: 0.036994

<======================>


<======= TEST 5 =======>

Overall time: 0.034315

<======================>


<====== NUMBER OF THREADS: 5 ======>

<======= TEST 1 =======>

Overall time: 0.032189

<======================>


<======= TEST 2 =======>

Overall time: 0.030458

<======================>


<======= TEST 3 =======>

Overall time: 0.032349

<======================>


<======= TEST 4 =======>

Overall time: 0.033181

<======================>


<======= TEST 5 =======>

Overall time: 0.029967

<======================>


<====== NUMBER OF THREADS: 6 ======>

<======= TEST 1 =======>

Overall time: 0.028260

<======================>


<======= TEST 2 =======>

Overall time: 0.028143

<======================>


<======= TEST 3 =======>

Overall time: 0.028065

<======================>


<======= TEST 4 =======>

Overall time: 0.027530

<======================>


<======= TEST 5 =======>

Overall time: 0.030089

<======================>


<====== NUMBER OF THREADS: 7 ======>

<======= TEST 1 =======>

Overall time: 0.024452

<======================>


<======= TEST 2 =======>

Overall time: 0.024249

<======================>


<======= TEST 3 =======>

Overall time: 0.022445

<======================>


<======= TEST 4 =======>

Overall time: 0.026017

<======================>


<======= TEST 5 =======>

Overall time: 0.027253

<======================>


<====== NUMBER OF THREADS: 8 ======>

<======= TEST 1 =======>

Overall time: 0.023999

<======================>


<======= TEST 2 =======>

Overall time: 0.024425

<======================>


<======= TEST 3 =======>

Overall time: 0.024858

<======================>


<======= TEST 4 =======>

Overall time: 0.023466

<======================>


<======= TEST 5 =======>

Overall time: 0.029239

<======================>
