<============== TEST 10000 x 10000 ==============>


<====== NUMBER OF THREADS: 1 ======>

<======= TEST 1 =======>

Overall time: 0.956516

<======================>


<======= TEST 2 =======>

Overall time: 0.956641

<======================>


<======= TEST 3 =======>

Overall time: 0.955836

<======================>


<======= TEST 4 =======>

Overall time: 0.956684

<======================>


<======= TEST 5 =======>

Overall time: 0.961338

<======================>


<====== NUMBER OF THREADS: 2 ======>

<======= TEST 1 =======>

Overall time: 0.488861

<======================>


<======= TEST 2 =======>

Overall time: 0.486063

<======================>


<======= TEST 3 =======>

Overall time: 0.487902

<======================>


<======= TEST 4 =======>

Overall time: 0.486661

<======================>


<======= TEST 5 =======>

Overall time: 0.485062

<======================>


<====== NUMBER OF THREADS: 3 ======>

<======= TEST 1 =======>

Overall time: 0.325989

<======================>


<======= TEST 2 =======>

Overall time: 0.330005

<======================>


<======= TEST 3 =======>

Overall time: 0.329240

<======================>


<======= TEST 4 =======>

Overall time: 0.329598

<======================>


<======= TEST 5 =======>

Overall time: 0.329966

<======================>


<====== NUMBER OF THREADS: 4 ======>

<======= TEST 1 =======>

Overall time: 0.248591

<======================>


<======= TEST 2 =======>

Overall time: 0.252277

<======================>


<======= TEST 3 =======>

Overall time: 0.250833

<======================>


<======= TEST 4 =======>

Overall time: 0.250982

<======================>


<======= TEST 5 =======>

Overall time: 0.252013

<======================>


<====== NUMBER OF THREADS: 5 ======>

<======= TEST 1 =======>

Overall time: 0.203061

<======================>


<======= TEST 2 =======>

Overall time: 0.202953

<======================>


<======= TEST 3 =======>

Overall time: 0.205529

<======================>


<======= TEST 4 =======>

Overall time: 0.203465

<======================>


<======= TEST 5 =======>

Overall time: 0.199724

<======================>


<====== NUMBER OF THREADS: 6 ======>

<======= TEST 1 =======>

Overall time: 0.171273

<======================>


<======= TEST 2 =======>

Overall time: 0.170913

<======================>


<======= TEST 3 =======>

Overall time: 0.168573

<======================>


<======= TEST 4 =======>

Overall time: 0.174367

<======================>


<======= TEST 5 =======>

Overall time: 0.172071

<======================>


<====== NUMBER OF THREADS: 7 ======>

<======= TEST 1 =======>

Overall time: 0.151106

<======================>


<======= TEST 2 =======>

Overall time: 0.152034

<======================>


<======= TEST 3 =======>

Overall time: 0.149045

<======================>


<======= TEST 4 =======>

Overall time: 0.148112

<======================>


<======= TEST 5 =======>

Overall time: 0.151397

<======================>


<====== NUMBER OF THREADS: 8 ======>

<======= TEST 1 =======>

Overall time: 0.142305

<======================>


<======= TEST 2 =======>

Overall time: 0.139140

<======================>


<======= TEST 3 =======>

Overall time: 0.141713

<======================>


<======= TEST 4 =======>

Overall time: 0.140363

<======================>


<======= TEST 5 =======>

Overall time: 0.140146

<======================>
