<============== TEST 100 x 100 ==============>


<====== NUMBER OF THREADS: 1 ======>

<======= TEST 1 =======>

Overall time: 0.000121

<======================>


<======= TEST 2 =======>

Overall time: 0.000124

<======================>


<======= TEST 3 =======>

Overall time: 0.000119

<======================>


<======= TEST 4 =======>

Overall time: 0.000125

<======================>


<======= TEST 5 =======>

Overall time: 0.000121

<======================>


<====== NUMBER OF THREADS: 2 ======>

<======= TEST 1 =======>

Overall time: 0.000207

<======================>


<======= TEST 2 =======>

Overall time: 0.001153

<======================>


<======= TEST 3 =======>

Overall time: 0.001100

<======================>


<======= TEST 4 =======>

Overall time: 0.000157

<======================>


<======= TEST 5 =======>

Overall time: 0.001213

<======================>


<====== NUMBER OF THREADS: 3 ======>

<======= TEST 1 =======>

Overall time: 0.007036

<======================>


<======= TEST 2 =======>

Overall time: 0.002816

<======================>


<======= TEST 3 =======>

Overall time: 0.004096

<======================>


<======= TEST 4 =======>

Overall time: 0.004091

<======================>


<======= TEST 5 =======>

Overall time: 0.003037

<======================>


<====== NUMBER OF THREADS: 4 ======>

<======= TEST 1 =======>

Overall time: 0.004032

<======================>


<======= TEST 2 =======>

Overall time: 0.004954

<======================>


<======= TEST 3 =======>

Overall time: 0.003875

<======================>


<======= TEST 4 =======>

Overall time: 0.002130

<======================>


<======= TEST 5 =======>

Overall time: 0.005078

<======================>


<====== NUMBER OF THREADS: 5 ======>

<======= TEST 1 =======>

Overall time: 0.005832

<======================>


<======= TEST 2 =======>

Overall time: 0.003751

<======================>


<======= TEST 3 =======>

Overall time: 0.005891

<======================>


<======= TEST 4 =======>

Overall time: 0.006007

<======================>


<======= TEST 5 =======>

Overall time: 0.003879

<======================>


<====== NUMBER OF THREADS: 6 ======>

<======= TEST 1 =======>

Overall time: 0.004843

<======================>


<======= TEST 2 =======>

Overall time: 0.006770

<======================>


<======= TEST 3 =======>

Overall time: 0.003855

<======================>


<======= TEST 4 =======>

Overall time: 0.005037

<======================>


<======= TEST 5 =======>

Overall time: 0.006008

<======================>


<====== NUMBER OF THREADS: 7 ======>

<======= TEST 1 =======>

Overall time: 0.004890

<======================>


<======= TEST 2 =======>

Overall time: 0.005940

<======================>


<======= TEST 3 =======>

Overall time: 0.004920

<======================>


<======= TEST 4 =======>

Overall time: 0.007848

<======================>


<======= TEST 5 =======>

Overall time: 0.005825

<======================>


<====== NUMBER OF THREADS: 8 ======>

<======= TEST 1 =======>

Overall time: 0.008983

<======================>


<======= TEST 2 =======>

Overall time: 0.005200

<======================>


<======= TEST 3 =======>

Overall time: 0.007960

<======================>


<======= TEST 4 =======>

Overall time: 0.005986

<======================>


<======= TEST 5 =======>

Overall time: 0.006835

<======================>
