<============== TEST 10000 x 100 ==============>


<====== NUMBER OF THREADS: 1 ======>

<======= TEST 1 =======>

Overall time: 0.009636

<======================>


<======= TEST 2 =======>

Overall time: 0.009640

<======================>


<======= TEST 3 =======>

Overall time: 0.010116

<======================>


<======= TEST 4 =======>

Overall time: 0.010313

<======================>


<======= TEST 5 =======>

Overall time: 0.010346

<======================>


<====== NUMBER OF THREADS: 2 ======>

<======= TEST 1 =======>

Overall time: 0.006405

<======================>


<======= TEST 2 =======>

Overall time: 0.008187

<======================>


<======= TEST 3 =======>

Overall time: 0.007925

<======================>


<======= TEST 4 =======>

Overall time: 0.005358

<======================>


<======= TEST 5 =======>

Overall time: 0.006306

<======================>


<====== NUMBER OF THREADS: 3 ======>

<======= TEST 1 =======>

Overall time: 0.005273

<======================>


<======= TEST 2 =======>

Overall time: 0.005436

<======================>


<======= TEST 3 =======>

Overall time: 0.007152

<======================>


<======= TEST 4 =======>

Overall time: 0.006763

<======================>


<======= TEST 5 =======>

Overall time: 0.007670

<======================>


<====== NUMBER OF THREADS: 4 ======>

<======= TEST 1 =======>

Overall time: 0.007481

<======================>


<======= TEST 2 =======>

Overall time: 0.005873

<======================>


<======= TEST 3 =======>

Overall time: 0.005383

<======================>


<======= TEST 4 =======>

Overall time: 0.008653

<======================>


<======= TEST 5 =======>

Overall time: 0.006955

<======================>


<====== NUMBER OF THREADS: 5 ======>

<======= TEST 1 =======>

Overall time: 0.007172

<======================>


<======= TEST 2 =======>

Overall time: 0.003108

<======================>


<======= TEST 3 =======>

Overall time: 0.002971

<======================>


<======= TEST 4 =======>

Overall time: 0.005776

<======================>


<======= TEST 5 =======>

Overall time: 0.007364

<======================>


<====== NUMBER OF THREADS: 6 ======>

<======= TEST 1 =======>

Overall time: 0.005051

<======================>


<======= TEST 2 =======>

Overall time: 0.005403

<======================>


<======= TEST 3 =======>

Overall time: 0.007535

<======================>


<======= TEST 4 =======>

Overall time: 0.007387

<======================>


<======= TEST 5 =======>

Overall time: 0.004805

<======================>


<====== NUMBER OF THREADS: 7 ======>

<======= TEST 1 =======>

Overall time: 0.008884

<======================>


<======= TEST 2 =======>

Overall time: 0.008378

<======================>


<======= TEST 3 =======>

Overall time: 0.015837

<======================>


<======= TEST 4 =======>

Overall time: 0.005513

<======================>


<======= TEST 5 =======>

Overall time: 0.004238

<======================>


<====== NUMBER OF THREADS: 8 ======>

<======= TEST 1 =======>

Overall time: 0.010747

<======================>


<======= TEST 2 =======>

Overall time: 0.009466

<======================>


<======= TEST 3 =======>

Overall time: 0.008481

<======================>


<======= TEST 4 =======>

Overall time: 0.011469

<======================>


<======= TEST 5 =======>

Overall time: 0.012640

<======================>
