<============== TEST 1000 x 100000 ==============>


<====== NUMBER OF THREADS: 1 ======>

<======= TEST 1 =======>

Overall time: 0.959437

<======================>


<======= TEST 2 =======>

Overall time: 0.959679

<======================>


<======= TEST 3 =======>

Overall time: 0.959914

<======================>


<======= TEST 4 =======>

Overall time: 0.959517

<======================>


<======= TEST 5 =======>

Overall time: 0.959422

<======================>


<====== NUMBER OF THREADS: 2 ======>

<======= TEST 1 =======>

Overall time: 0.486633

<======================>


<======= TEST 2 =======>

Overall time: 0.486813

<======================>


<======= TEST 3 =======>

Overall time: 0.489305

<======================>


<======= TEST 4 =======>

Overall time: 0.487826

<======================>


<======= TEST 5 =======>

Overall time: 0.488150

<======================>


<====== NUMBER OF THREADS: 3 ======>

<======= TEST 1 =======>

Overall time: 0.330010

<======================>


<======= TEST 2 =======>

Overall time: 0.328196

<======================>


<======= TEST 3 =======>

Overall time: 0.329362

<======================>


<======= TEST 4 =======>

Overall time: 0.330957

<======================>


<======= TEST 5 =======>

Overall time: 0.328733

<======================>


<====== NUMBER OF THREADS: 4 ======>

<======= TEST 1 =======>

Overall time: 0.250236

<======================>


<======= TEST 2 =======>

Overall time: 0.247735

<======================>


<======= TEST 3 =======>

Overall time: 0.251065

<======================>


<======= TEST 4 =======>

Overall time: 0.254108

<======================>


<======= TEST 5 =======>

Overall time: 0.249641

<======================>


<====== NUMBER OF THREADS: 5 ======>

<======= TEST 1 =======>

Overall time: 0.201477

<======================>


<======= TEST 2 =======>

Overall time: 0.204242

<======================>


<======= TEST 3 =======>

Overall time: 0.206059

<======================>


<======= TEST 4 =======>

Overall time: 0.204452

<======================>


<======= TEST 5 =======>

Overall time: 0.203825

<======================>


<====== NUMBER OF THREADS: 6 ======>

<======= TEST 1 =======>

Overall time: 0.171368

<======================>


<======= TEST 2 =======>

Overall time: 0.172940

<======================>


<======= TEST 3 =======>

Overall time: 0.172038

<======================>


<======= TEST 4 =======>

Overall time: 0.174971

<======================>


<======= TEST 5 =======>

Overall time: 0.176731

<======================>


<====== NUMBER OF THREADS: 7 ======>

<======= TEST 1 =======>

Overall time: 0.151772

<======================>


<======= TEST 2 =======>

Overall time: 0.151518

<======================>


<======= TEST 3 =======>

Overall time: 0.152445

<======================>


<======= TEST 4 =======>

Overall time: 0.151029

<======================>


<======= TEST 5 =======>

Overall time: 0.154819

<======================>


<====== NUMBER OF THREADS: 8 ======>

<======= TEST 1 =======>

Overall time: 0.139378

<======================>


<======= TEST 2 =======>

Overall time: 0.140110

<======================>


<======= TEST 3 =======>

Overall time: 0.141245

<======================>


<======= TEST 4 =======>

Overall time: 0.140582

<======================>


<======= TEST 5 =======>

Overall time: 0.140788

<======================>
