<============== TEST 10000 x 100000 ==============>


<====== NUMBER OF THREADS: 1 ======>

<======= TEST 1 =======>

Overall time: 9.590783

<======================>


<======= TEST 2 =======>

Overall time: 9.593473

<======================>


<======= TEST 3 =======>

Overall time: 9.591039

<======================>


<======= TEST 4 =======>

Overall time: 9.594545

<======================>


<======= TEST 5 =======>

Overall time: 9.591877

<======================>


<====== NUMBER OF THREADS: 2 ======>

<======= TEST 1 =======>

Overall time: 4.818974

<======================>


<======= TEST 2 =======>

Overall time: 4.815915

<======================>


<======= TEST 3 =======>

Overall time: 4.822842

<======================>


<======= TEST 4 =======>

Overall time: 4.819905

<======================>


<======= TEST 5 =======>

Overall time: 4.801964

<======================>


<====== NUMBER OF THREADS: 3 ======>

<======= TEST 1 =======>

Overall time: 3.219055

<======================>


<======= TEST 2 =======>

Overall time: 3.226625

<======================>


<======= TEST 3 =======>

Overall time: 3.219502

<======================>


<======= TEST 4 =======>

Overall time: 3.221681

<======================>


<======= TEST 5 =======>

Overall time: 3.216833

<======================>


<====== NUMBER OF THREADS: 4 ======>

<======= TEST 1 =======>

Overall time: 2.424227

<======================>


<======= TEST 2 =======>

Overall time: 2.425630

<======================>


<======= TEST 3 =======>

Overall time: 2.421779

<======================>


<======= TEST 4 =======>

Overall time: 2.422843

<======================>


<======= TEST 5 =======>

Overall time: 2.424416

<======================>


<====== NUMBER OF THREADS: 5 ======>

<======= TEST 1 =======>

Overall time: 1.952438

<======================>


<======= TEST 2 =======>

Overall time: 1.953834

<======================>


<======= TEST 3 =======>

Overall time: 1.954290

<======================>


<======= TEST 4 =======>

Overall time: 1.953730

<======================>


<======= TEST 5 =======>

Overall time: 1.951564

<======================>


<====== NUMBER OF THREADS: 6 ======>

<======= TEST 1 =======>

Overall time: 1.655287

<======================>


<======= TEST 2 =======>

Overall time: 1.656667

<======================>


<======= TEST 3 =======>

Overall time: 1.639721

<======================>


<======= TEST 4 =======>

Overall time: 1.640319

<======================>


<======= TEST 5 =======>

Overall time: 1.641732

<======================>


<====== NUMBER OF THREADS: 7 ======>

<======= TEST 1 =======>

Overall time: 1.446052

<======================>


<======= TEST 2 =======>

Overall time: 1.442565

<======================>


<======= TEST 3 =======>

Overall time: 1.447228

<======================>


<======= TEST 4 =======>

Overall time: 1.444141

<======================>


<======= TEST 5 =======>

Overall time: 1.442377

<======================>


<====== NUMBER OF THREADS: 8 ======>

<======= TEST 1 =======>

Overall time: 1.319991

<======================>


<======= TEST 2 =======>

Overall time: 1.319865

<======================>


<======= TEST 3 =======>

Overall time: 1.321942

<======================>


<======= TEST 4 =======>

Overall time: 1.319513

<======================>


<======= TEST 5 =======>

Overall time: 1.318574

<======================>
