<============== TEST 100 x 1000 ==============>


<====== NUMBER OF THREADS: 1 ======>

<======= TEST 1 =======>

Overall time: 0.001091

<======================>


<======= TEST 2 =======>

Overall time: 0.001088

<======================>


<======= TEST 3 =======>

Overall time: 0.001087

<======================>


<======= TEST 4 =======>

Overall time: 0.001088

<======================>


<======= TEST 5 =======>

Overall time: 0.001091

<======================>


<====== NUMBER OF THREADS: 2 ======>

<======= TEST 1 =======>

Overall time: 0.001402

<======================>


<======= TEST 2 =======>

Overall time: 0.003880

<======================>


<======= TEST 3 =======>

Overall time: 0.003354

<======================>


<======= TEST 4 =======>

Overall time: 0.003563

<======================>


<======= TEST 5 =======>

Overall time: 0.001928

<======================>


<====== NUMBER OF THREADS: 3 ======>

<======= TEST 1 =======>

Overall time: 0.004066

<======================>


<======= TEST 2 =======>

Overall time: 0.002732

<======================>


<======= TEST 3 =======>

Overall time: 0.003784

<======================>


<======= TEST 4 =======>

Overall time: 0.003048

<======================>


<======= TEST 5 =======>

Overall time: 0.004160

<======================>


<====== NUMBER OF THREADS: 4 ======>

<======= TEST 1 =======>

Overall time: 0.004086

<======================>


<======= TEST 2 =======>

Overall time: 0.004486

<======================>


<======= TEST 3 =======>

Overall time: 0.003309

<======================>


<======= TEST 4 =======>

Overall time: 0.005133

<======================>


<======= TEST 5 =======>

Overall time: 0.003936

<======================>


<====== NUMBER OF THREADS: 5 ======>

<======= TEST 1 =======>

Overall time: 0.004964

<======================>


<======= TEST 2 =======>

Overall time: 0.003059

<======================>


<======= TEST 3 =======>

Overall time: 0.005267

<======================>


<======= TEST 4 =======>

Overall time: 0.005103

<======================>


<======= TEST 5 =======>

Overall time: 0.003570

<======================>


<====== NUMBER OF THREADS: 6 ======>

<======= TEST 1 =======>

Overall time: 0.006147

<======================>


<======= TEST 2 =======>

Overall time: 0.004501

<======================>


<======= TEST 3 =======>

Overall time: 0.004983

<======================>


<======= TEST 4 =======>

Overall time: 0.006078

<======================>


<======= TEST 5 =======>

Overall time: 0.005443

<======================>


<====== NUMBER OF THREADS: 7 ======>

<======= TEST 1 =======>

Overall time: 0.006226

<======================>


<======= TEST 2 =======>

Overall time: 0.005601

<======================>


<======= TEST 3 =======>

Overall time: 0.006520

<======================>


<======= TEST 4 =======>

Overall time: 0.006162

<======================>


<======= TEST 5 =======>

Overall time: 0.005986

<======================>


<====== NUMBER OF THREADS: 8 ======>

<======= TEST 1 =======>

Overall time: 0.008148

<======================>


<======= TEST 2 =======>

Overall time: 0.007568

<======================>


<======= TEST 3 =======>

Overall time: 0.005592

<======================>


<======= TEST 4 =======>

Overall time: 0.009234

<======================>


<======= TEST 5 =======>

Overall time: 0.005426

<======================>
