<============== TEST 1000 x 1000 ==============>


<====== NUMBER OF THREADS: 1 ======>

<======= TEST 1 =======>

Overall time: 0.009458

<======================>


<======= TEST 2 =======>

Overall time: 0.010416

<======================>


<======= TEST 3 =======>

Overall time: 0.010395

<======================>


<======= TEST 4 =======>

Overall time: 0.010353

<======================>


<======= TEST 5 =======>

Overall time: 0.010156

<======================>


<====== NUMBER OF THREADS: 2 ======>

<======= TEST 1 =======>

Overall time: 0.006260

<======================>


<======= TEST 2 =======>

Overall time: 0.005931

<======================>


<======= TEST 3 =======>

Overall time: 0.008614

<======================>


<======= TEST 4 =======>

Overall time: 0.005376

<======================>


<======= TEST 5 =======>

Overall time: 0.007318

<======================>


<====== NUMBER OF THREADS: 3 ======>

<======= TEST 1 =======>

Overall time: 0.005790

<======================>


<======= TEST 2 =======>

Overall time: 0.006753

<======================>


<======= TEST 3 =======>

Overall time: 0.007030

<======================>


<======= TEST 4 =======>

Overall time: 0.006593

<======================>


<======= TEST 5 =======>

Overall time: 0.006846

<======================>


<====== NUMBER OF THREADS: 4 ======>

<======= TEST 1 =======>

Overall time: 0.008831

<======================>


<======= TEST 2 =======>

Overall time: 0.005570

<======================>


<======= TEST 3 =======>

Overall time: 0.003671

<======================>


<======= TEST 4 =======>

Overall time: 0.008859

<======================>


<======= TEST 5 =======>

Overall time: 0.005218

<======================>


<====== NUMBER OF THREADS: 5 ======>

<======= TEST 1 =======>

Overall time: 0.006393

<======================>


<======= TEST 2 =======>

Overall time: 0.006489

<======================>


<======= TEST 3 =======>

Overall time: 0.006081

<======================>


<======= TEST 4 =======>

Overall time: 0.004854

<======================>


<======= TEST 5 =======>

Overall time: 0.008305

<======================>


<====== NUMBER OF THREADS: 6 ======>

<======= TEST 1 =======>

Overall time: 0.006671

<======================>


<======= TEST 2 =======>

Overall time: 0.006745

<======================>


<======= TEST 3 =======>

Overall time: 0.004654

<======================>


<======= TEST 4 =======>

Overall time: 0.004375

<======================>


<======= TEST 5 =======>

Overall time: 0.006746

<======================>


<====== NUMBER OF THREADS: 7 ======>

<======= TEST 1 =======>

Overall time: 0.006042

<======================>


<======= TEST 2 =======>

Overall time: 0.008753

<======================>


<======= TEST 3 =======>

Overall time: 0.007254

<======================>


<======= TEST 4 =======>

Overall time: 0.005859

<======================>


<======= TEST 5 =======>

Overall time: 0.007632

<======================>


<====== NUMBER OF THREADS: 8 ======>

<======= TEST 1 =======>

Overall time: 0.010327

<======================>


<======= TEST 2 =======>

Overall time: 0.007553

<======================>


<======= TEST 3 =======>

Overall time: 0.007112

<======================>


<======= TEST 4 =======>

Overall time: 0.006561

<======================>


<======= TEST 5 =======>

Overall time: 0.008256

<======================>
