<============== TEST 1000 x 10000 ==============>


<====== NUMBER OF THREADS: 1 ======>

<======= TEST 1 =======>

Overall time: 0.095745

<======================>


<======= TEST 2 =======>

Overall time: 0.095687

<======================>


<======= TEST 3 =======>

Overall time: 0.095743

<======================>


<======= TEST 4 =======>

Overall time: 0.095665

<======================>


<======= TEST 5 =======>

Overall time: 0.095711

<======================>


<====== NUMBER OF THREADS: 2 ======>

<======= TEST 1 =======>

Overall time: 0.053436

<======================>


<======= TEST 2 =======>

Overall time: 0.054743

<======================>


<======= TEST 3 =======>

Overall time: 0.052479

<======================>


<======= TEST 4 =======>

Overall time: 0.051377

<======================>


<======= TEST 5 =======>

Overall time: 0.053708

<======================>


<====== NUMBER OF THREADS: 3 ======>

<======= TEST 1 =======>

Overall time: 0.035533

<======================>


<======= TEST 2 =======>

Overall time: 0.035541

<======================>


<======= TEST 3 =======>

Overall time: 0.041084

<======================>


<======= TEST 4 =======>

Overall time: 0.039550

<======================>


<======= TEST 5 =======>

Overall time: 0.039694

<======================>


<====== NUMBER OF THREADS: 4 ======>

<======= TEST 1 =======>

Overall time: 0.030640

<======================>


<======= TEST 2 =======>

Overall time: 0.030531

<======================>


<======= TEST 3 =======>

Overall time: 0.027742

<======================>


<======= TEST 4 =======>

Overall time: 0.029833

<======================>


<======= TEST 5 =======>

Overall time: 0.029108

<======================>


<====== NUMBER OF THREADS: 5 ======>

<======= TEST 1 =======>

Overall time: 0.025971

<======================>


<======= TEST 2 =======>

Overall time: 0.028108

<======================>


<======= TEST 3 =======>

Overall time: 0.025261

<======================>


<======= TEST 4 =======>

Overall time: 0.026117

<======================>


<======= TEST 5 =======>

Overall time: 0.024826

<======================>


<====== NUMBER OF THREADS: 6 ======>

<======= TEST 1 =======>

Overall time: 0.021408

<======================>


<======= TEST 2 =======>

Overall time: 0.023336

<======================>


<======= TEST 3 =======>

Overall time: 0.023725

<======================>


<======= TEST 4 =======>

Overall time: 0.021928

<======================>


<======= TEST 5 =======>

Overall time: 0.022898

<======================>


<====== NUMBER OF THREADS: 7 ======>

<======= TEST 1 =======>

Overall time: 0.020545

<======================>


<======= TEST 2 =======>

Overall time: 0.021718

<======================>


<======= TEST 3 =======>

Overall time: 0.019667

<======================>


<======= TEST 4 =======>

Overall time: 0.019885

<======================>


<======= TEST 5 =======>

Overall time: 0.020205

<======================>


<====== NUMBER OF THREADS: 8 ======>

<======= TEST 1 =======>

Overall time: 0.022790

<======================>


<======= TEST 2 =======>

Overall time: 0.024307

<======================>


<======= TEST 3 =======>

Overall time: 0.021278

<======================>


<======= TEST 4 =======>

Overall time: 0.019762

<======================>


<======= TEST 5 =======>

Overall time: 0.024351

<======================>
