<============== TEST 100 x 100000 ==============>


<====== NUMBER OF THREADS: 1 ======>

<======= TEST 1 =======>

Overall time: 0.097836

<======================>


<======= TEST 2 =======>

Overall time: 0.095335

<======================>


<======= TEST 3 =======>

Overall time: 0.095334

<======================>


<======= TEST 4 =======>

Overall time: 0.095626

<======================>


<======= TEST 5 =======>

Overall time: 0.095679

<======================>


<====== NUMBER OF THREADS: 2 ======>

<======= TEST 1 =======>

Overall time: 0.053667

<======================>


<======= TEST 2 =======>

Overall time: 0.052682

<======================>


<======= TEST 3 =======>

Overall time: 0.051773

<======================>


<======= TEST 4 =======>

Overall time: 0.053666

<======================>


<======= TEST 5 =======>

Overall time: 0.053208

<======================>


<====== NUMBER OF THREADS: 3 ======>

<======= TEST 1 =======>

Overall time: 0.041880

<======================>


<======= TEST 2 =======>

Overall time: 0.039877

<======================>


<======= TEST 3 =======>

Overall time: 0.038911

<======================>


<======= TEST 4 =======>

Overall time: 0.036469

<======================>


<======= TEST 5 =======>

Overall time: 0.039909

<======================>


<====== NUMBER OF THREADS: 4 ======>

<======= TEST 1 =======>

Overall time: 0.033027

<======================>


<======= TEST 2 =======>

Overall time: 0.030909

<======================>


<======= TEST 3 =======>

Overall time: 0.031066

<======================>


<======= TEST 4 =======>

Overall time: 0.031688

<======================>


<======= TEST 5 =======>

Overall time: 0.031919

<======================>


<====== NUMBER OF THREADS: 5 ======>

<======= TEST 1 =======>

Overall time: 0.026091

<======================>


<======= TEST 2 =======>

Overall time: 0.026920

<======================>


<======= TEST 3 =======>

Overall time: 0.025877

<======================>


<======= TEST 4 =======>

Overall time: 0.028078

<======================>


<======= TEST 5 =======>

Overall time: 0.024173

<======================>


<====== NUMBER OF THREADS: 6 ======>

<======= TEST 1 =======>

Overall time: 0.023637

<======================>


<======= TEST 2 =======>

Overall time: 0.024488

<======================>


<======= TEST 3 =======>

Overall time: 0.023467

<======================>


<======= TEST 4 =======>

Overall time: 0.025001

<======================>


<======= TEST 5 =======>

Overall time: 0.025372

<======================>


<====== NUMBER OF THREADS: 7 ======>

<======= TEST 1 =======>

Overall time: 0.025595

<======================>


<======= TEST 2 =======>

Overall time: 0.021756

<======================>


<======= TEST 3 =======>

Overall time: 0.019911

<======================>


<======= TEST 4 =======>

Overall time: 0.021566

<======================>


<======= TEST 5 =======>

Overall time: 0.020677

<======================>


<====== NUMBER OF THREADS: 8 ======>

<======= TEST 1 =======>

Overall time: 0.023421

<======================>


<======= TEST 2 =======>

Overall time: 0.023037

<======================>


<======= TEST 3 =======>

Overall time: 0.020419

<======================>


<======= TEST 4 =======>

Overall time: 0.023631

<======================>


<======= TEST 5 =======>

Overall time: 0.022031

<======================>
