<============== TEST 100000 x 1000 ==============>


<====== NUMBER OF THREADS: 1 ======>

<======= TEST 1 =======>

Overall time: 1.147136

<======================>


<======= TEST 2 =======>

Overall time: 1.147148

<======================>


<======= TEST 3 =======>

Overall time: 1.150547

<======================>


<======= TEST 4 =======>

Overall time: 1.147587

<======================>


<======= TEST 5 =======>

Overall time: 1.150138

<======================>


<====== NUMBER OF THREADS: 2 ======>

<======= TEST 1 =======>

Overall time: 0.580966

<======================>


<======= TEST 2 =======>

Overall time: 0.581652

<======================>


<======= TEST 3 =======>

Overall time: 0.580641

<======================>


<======= TEST 4 =======>

Overall time: 0.584083

<======================>


<======= TEST 5 =======>

Overall time: 0.580634

<======================>


<====== NUMBER OF THREADS: 3 ======>

<======= TEST 1 =======>

Overall time: 0.393143

<======================>


<======= TEST 2 =======>

Overall time: 0.393621

<======================>


<======= TEST 3 =======>

Overall time: 0.394292

<======================>


<======= TEST 4 =======>

Overall time: 0.391820

<======================>


<======= TEST 5 =======>

Overall time: 0.392448

<======================>


<====== NUMBER OF THREADS: 4 ======>

<======= TEST 1 =======>

Overall time: 0.296284

<======================>


<======= TEST 2 =======>

Overall time: 0.299130

<======================>


<======= TEST 3 =======>

Overall time: 0.297903

<======================>


<======= TEST 4 =======>

Overall time: 0.299010

<======================>


<======= TEST 5 =======>

Overall time: 0.297193

<======================>


<====== NUMBER OF THREADS: 5 ======>

<======= TEST 1 =======>

Overall time: 0.240282

<======================>


<======= TEST 2 =======>

Overall time: 0.238242

<======================>


<======= TEST 3 =======>

Overall time: 0.237762

<======================>


<======= TEST 4 =======>

Overall time: 0.238850

<======================>


<======= TEST 5 =======>

Overall time: 0.240284

<======================>


<====== NUMBER OF THREADS: 6 ======>

<======= TEST 1 =======>

Overall time: 0.200546

<======================>


<======= TEST 2 =======>

Overall time: 0.202356

<======================>


<======= TEST 3 =======>

Overall time: 0.201922

<======================>


<======= TEST 4 =======>

Overall time: 0.202447

<======================>


<======= TEST 5 =======>

Overall time: 0.200544

<======================>


<====== NUMBER OF THREADS: 7 ======>

<======= TEST 1 =======>

Overall time: 0.174773

<======================>


<======= TEST 2 =======>

Overall time: 0.176378

<======================>


<======= TEST 3 =======>

Overall time: 0.177423

<======================>


<======= TEST 4 =======>

Overall time: 0.177197

<======================>


<======= TEST 5 =======>

Overall time: 0.176815

<======================>


<====== NUMBER OF THREADS: 8 ======>

<======= TEST 1 =======>

Overall time: 0.158039

<======================>


<======= TEST 2 =======>

Overall time: 0.157084

<======================>


<======= TEST 3 =======>

Overall time: 0.157582

<======================>


<======= TEST 4 =======>

Overall time: 0.157837

<======================>


<======= TEST 5 =======>

Overall time: 0.158856

<======================>
