<============== TEST 1000 x 100 ==============>


<====== NUMBER OF THREADS: 1 ======>

<======= TEST 1 =======>

Overall time: 0.001115

<======================>


<======= TEST 2 =======>

Overall time: 0.001114

<======================>


<======= TEST 3 =======>

Overall time: 0.001111

<======================>


<======= TEST 4 =======>

Overall time: 0.001113

<======================>


<======= TEST 5 =======>

Overall time: 0.001111

<======================>


<====== NUMBER OF THREADS: 2 ======>

<======= TEST 1 =======>

Overall time: 0.001631

<======================>


<======= TEST 2 =======>

Overall time: 0.003693

<======================>


<======= TEST 3 =======>

Overall time: 0.001753

<======================>


<======= TEST 4 =======>

Overall time: 0.001600

<======================>


<======= TEST 5 =======>

Overall time: 0.001447

<======================>


<====== NUMBER OF THREADS: 3 ======>

<======= TEST 1 =======>

Overall time: 0.004274

<======================>


<======= TEST 2 =======>

Overall time: 0.004194

<======================>


<======= TEST 3 =======>

Overall time: 0.003113

<======================>


<======= TEST 4 =======>

Overall time: 0.003096

<======================>


<======= TEST 5 =======>

Overall time: 0.004124

<======================>


<====== NUMBER OF THREADS: 4 ======>

<======= TEST 1 =======>

Overall time: 0.003313

<======================>


<======= TEST 2 =======>

Overall time: 0.004136

<======================>


<======= TEST 3 =======>

Overall time: 0.003244

<======================>


<======= TEST 4 =======>

Overall time: 0.004501

<======================>


<======= TEST 5 =======>

Overall time: 0.005467

<======================>


<====== NUMBER OF THREADS: 5 ======>

<======= TEST 1 =======>

Overall time: 0.005832

<======================>


<======= TEST 2 =======>

Overall time: 0.003873

<======================>


<======= TEST 3 =======>

Overall time: 0.005938

<======================>


<======= TEST 4 =======>

Overall time: 0.005162

<======================>


<======= TEST 5 =======>

Overall time: 0.004060

<======================>


<====== NUMBER OF THREADS: 6 ======>

<======= TEST 1 =======>

Overall time: 0.004025

<======================>


<======= TEST 2 =======>

Overall time: 0.006037

<======================>


<======= TEST 3 =======>

Overall time: 0.004821

<======================>


<======= TEST 4 =======>

Overall time: 0.007511

<======================>


<======= TEST 5 =======>

Overall time: 0.005005

<======================>


<====== NUMBER OF THREADS: 7 ======>

<======= TEST 1 =======>

Overall time: 0.005887

<======================>


<======= TEST 2 =======>

Overall time: 0.006012

<======================>


<======= TEST 3 =======>

Overall time: 0.005441

<======================>


<======= TEST 4 =======>

Overall time: 0.007544

<======================>


<======= TEST 5 =======>

Overall time: 0.007012

<======================>


<====== NUMBER OF THREADS: 8 ======>

<======= TEST 1 =======>

Overall time: 0.008110

<======================>


<======= TEST 2 =======>

Overall time: 0.006029

<======================>


<======= TEST 3 =======>

Overall time: 0.007041

<======================>


<======= TEST 4 =======>

Overall time: 0.007206

<======================>


<======= TEST 5 =======>

Overall time: 0.007889

<======================>
