<============== TEST 10000 x 1000 ==============>


<====== NUMBER OF THREADS: 1 ======>

<======= TEST 1 =======>

Overall time: 0.094346

<======================>


<======= TEST 2 =======>

Overall time: 0.094382

<======================>


<======= TEST 3 =======>

Overall time: 0.094357

<======================>


<======= TEST 4 =======>

Overall time: 0.094659

<======================>


<======= TEST 5 =======>

Overall time: 0.094653

<======================>


<====== NUMBER OF THREADS: 2 ======>

<======= TEST 1 =======>

Overall time: 0.051012

<======================>


<======= TEST 2 =======>

Overall time: 0.055417

<======================>


<======= TEST 3 =======>

Overall time: 0.052810

<======================>


<======= TEST 4 =======>

Overall time: 0.052763

<======================>


<======= TEST 5 =======>

Overall time: 0.054352

<======================>


<====== NUMBER OF THREADS: 3 ======>

<======= TEST 1 =======>

Overall time: 0.037297

<======================>


<======= TEST 2 =======>

Overall time: 0.036900

<======================>


<======= TEST 3 =======>

Overall time: 0.036499

<======================>


<======= TEST 4 =======>

Overall time: 0.039269

<======================>


<======= TEST 5 =======>

Overall time: 0.039928

<======================>


<====== NUMBER OF THREADS: 4 ======>

<======= TEST 1 =======>

Overall time: 0.030883

<======================>


<======= TEST 2 =======>

Overall time: 0.030886

<======================>


<======= TEST 3 =======>

Overall time: 0.031653

<======================>


<======= TEST 4 =======>

Overall time: 0.033502

<======================>


<======= TEST 5 =======>

Overall time: 0.031540

<======================>


<====== NUMBER OF THREADS: 5 ======>

<======= TEST 1 =======>

Overall time: 0.027166

<======================>


<======= TEST 2 =======>

Overall time: 0.027990

<======================>


<======= TEST 3 =======>

Overall time: 0.026364

<======================>


<======= TEST 4 =======>

Overall time: 0.026459

<======================>


<======= TEST 5 =======>

Overall time: 0.027199

<======================>


<====== NUMBER OF THREADS: 6 ======>

<======= TEST 1 =======>

Overall time: 0.024628

<======================>


<======= TEST 2 =======>

Overall time: 0.021023

<======================>


<======= TEST 3 =======>

Overall time: 0.022838

<======================>


<======= TEST 4 =======>

Overall time: 0.023493

<======================>


<======= TEST 5 =======>

Overall time: 0.023109

<======================>


<====== NUMBER OF THREADS: 7 ======>

<======= TEST 1 =======>

Overall time: 0.021016

<======================>


<======= TEST 2 =======>

Overall time: 0.018373

<======================>


<======= TEST 3 =======>

Overall time: 0.020871

<======================>


<======= TEST 4 =======>

Overall time: 0.021922

<======================>


<======= TEST 5 =======>

Overall time: 0.022727

<======================>


<====== NUMBER OF THREADS: 8 ======>

<======= TEST 1 =======>

Overall time: 0.021983

<======================>


<======= TEST 2 =======>

Overall time: 0.018526

<======================>


<======= TEST 3 =======>

Overall time: 0.020439

<======================>


<======= TEST 4 =======>

Overall time: 0.019876

<======================>


<======= TEST 5 =======>

Overall time: 0.019937

<======================>
