<============== TEST 100000 x 10000 ==============>


<====== NUMBER OF THREADS: 1 ======>

<======= TEST 1 =======>

Overall time: 1.483755

<======================>


<======= TEST 2 =======>

Overall time: 1.487822

<======================>


<======= TEST 3 =======>

Overall time: 1.488060

<======================>


<======= TEST 4 =======>

Overall time: 1.487687

<======================>


<======= TEST 5 =======>

Overall time: 1.488802

<======================>


<====== NUMBER OF THREADS: 2 ======>

<======= TEST 1 =======>

Overall time: 1.489590

<======================>


<======= TEST 2 =======>

Overall time: 1.483730

<======================>


<======= TEST 3 =======>

Overall time: 1.488925

<======================>


<======= TEST 4 =======>

Overall time: 1.488326

<======================>


<======= TEST 5 =======>

Overall time: 1.484141

<======================>


<====== NUMBER OF THREADS: 3 ======>

<======= TEST 1 =======>

Overall time: 1.485931

<======================>


<======= TEST 2 =======>

Overall time: 1.489832

<======================>


<======= TEST 3 =======>

Overall time: 1.485552

<======================>


<======= TEST 4 =======>

Overall time: 1.487231

<======================>


<======= TEST 5 =======>

Overall time: 1.489844

<======================>


<====== NUMBER OF THREADS: 4 ======>

<======= TEST 1 =======>

Overall time: 1.487855

<======================>


<======= TEST 2 =======>

Overall time: 1.485613

<======================>


<======= TEST 3 =======>

Overall time: 1.491031

<======================>


<======= TEST 4 =======>

Overall time: 1.488846

<======================>


<======= TEST 5 =======>

Overall time: 1.489456

<======================>


<====== NUMBER OF THREADS: 5 ======>

<======= TEST 1 =======>

Overall time: 1.485483

<======================>


<======= TEST 2 =======>

Overall time: 1.489293

<======================>


<======= TEST 3 =======>

Overall time: 1.489572

<======================>


<======= TEST 4 =======>

Overall time: 1.482988

<======================>


<======= TEST 5 =======>

Overall time: 1.484350

<======================>


<====== NUMBER OF THREADS: 6 ======>

<======= TEST 1 =======>

Overall time: 1.487765

<======================>


<======= TEST 2 =======>

Overall time: 1.490603

<======================>


<======= TEST 3 =======>

Overall time: 1.486508

<======================>


<======= TEST 4 =======>

Overall time: 1.491648

<======================>


<======= TEST 5 =======>

Overall time: 1.483851

<======================>


<====== NUMBER OF THREADS: 7 ======>

<======= TEST 1 =======>

Overall time: 1.489859

<======================>


<======= TEST 2 =======>

Overall time: 1.484350

<======================>


<======= TEST 3 =======>

Overall time: 1.487907

<======================>


<======= TEST 4 =======>

Overall time: 1.483576

<======================>


<======= TEST 5 =======>

Overall time: 1.486792

<======================>


<====== NUMBER OF THREADS: 8 ======>

<======= TEST 1 =======>

Overall time: 1.488449

<======================>


<======= TEST 2 =======>

Overall time: 1.493260

<======================>


<======= TEST 3 =======>

Overall time: 1.484429

<======================>


<======= TEST 4 =======>

Overall time: 1.487147

<======================>


<======= TEST 5 =======>

Overall time: 1.486227

<======================>
